/usr/local/python3.7/lib/python3.7/site-packages/pandas/compat/__init__.py:117: UserWarning: Could not import the lzma module. Your installed Python is incomplete. Attempting to use lzma compression will result in a RuntimeError.
  warnings.warn(msg)
2020-12-06 19:25:57
2020-12-06 19:30:48
2020-12-06 19:35:48
2020-12-06 19:40:48
2020-12-06 19:45:48
2020-12-06 19:50:48
2020-12-06 19:55:59
2020-12-06 20:00:50
2020-12-06 20:05:50
2020-12-06 20:10:50
2020-12-06 20:16:00
2020-12-06 20:20:50
2020-12-06 20:25:51
2020-12-06 20:30:51
2020-12-06 20:35:51
2020-12-06 20:40:51
2020-12-06 20:45:51
2020-12-06 20:50:51
2020-12-06 20:55:51
2020-12-06 21:00:51
2020-12-06 21:05:51
2020-12-06 21:10:50
2020-12-06 21:16:10
2020-12-06 21:20:51
2020-12-06 21:25:51
2020-12-06 21:30:51
2020-12-06 21:35:51
2020-12-06 21:40:52
2020-12-06 21:46:13
2020-12-06 21:51:02
2020-12-06 21:55:52
2020-12-06 22:00:51
2020-12-06 22:05:50
2020-12-06 22:11:00
2020-12-06 22:15:52
2020-12-06 22:20:53
2020-12-06 22:25:53
2020-12-06 22:31:02
2020-12-06 22:35:52
2020-12-06 22:41:01
2020-12-06 22:45:51
2020-12-06 22:50:50
2020-12-06 22:55:59
2020-12-06 23:00:49
2020-12-06 23:05:58
2020-12-06 23:10:58
2020-12-06 23:15:47
2020-12-06 23:20:47
2020-12-06 23:25:47
2020-12-06 23:30:58
2020-12-06 23:35:47
2020-12-06 23:40:48
2020-12-06 23:45:47
2020-12-06 23:50:47
2020-12-06 23:55:57
2020-12-07 00:00:57
2020-12-07 00:05:47
2020-12-07 00:10:47
2020-12-07 00:15:47
2020-12-07 00:20:55
2020-12-07 00:25:55
2020-12-07 00:30:54
2020-12-07 00:35:55
2020-12-07 00:40:54
2020-12-07 00:45:44
2020-12-07 00:50:44
2020-12-07 00:55:42
2020-12-07 01:00:42
2020-12-07 01:05:43
2020-12-07 01:10:53
2020-12-07 01:20:31
2020-12-07 01:25:32
2020-12-07 01:30:32
2020-12-07 01:35:31
2020-12-07 01:40:31
2020-12-07 01:40:43
2020-12-07 01:45:43
2020-12-07 01:55:31
2020-12-07 02:00:36
b'{"errcode":0,"errmsg":"ok"}'
2020-12-07 02:00:44
2020-12-07 02:06:04
2020-12-07 02:15:37
2020-12-07 02:20:35
2020-12-07 02:21:13
2020-12-07 02:26:23
2020-12-07 02:35:38
2020-12-07 02:40:38
2020-12-07 02:45:40
b'{"errcode":0,"errmsg":"ok"}'
2020-12-07 02:50:35
2020-12-07 02:55:37
2020-12-07 03:00:39
2020-12-07 03:05:41
2020-12-07 03:05:42
2020-12-07 03:15:35
2020-12-07 03:20:42
2020-12-07 03:20:42
2020-12-07 03:30:35
2020-12-07 03:30:52
2020-12-07 03:40:35
2020-12-07 03:45:35
2020-12-07 03:50:45
2020-12-07 03:55:41
2020-12-07 04:00:37
2020-12-07 04:05:47
2020-12-07 04:10:47
2020-12-07 04:15:48
b'{"errcode":0,"errmsg":"ok"}'
2020-12-07 04:20:46
2020-12-07 04:25:46
2020-12-07 04:30:49
2020-12-07 04:35:50
b'{"errcode":0,"errmsg":"ok"}'
2020-12-07 04:40:50
2020-12-07 04:45:40
2020-12-07 04:50:51
2020-12-07 04:55:41
2020-12-07 05:00:51
2020-12-07 05:05:47
2020-12-07 05:10:51
2020-12-07 05:15:48
2020-12-07 05:20:42
2020-12-07 05:25:49
2020-12-07 05:30:52
2020-12-07 05:35:52
2020-12-07 05:40:47
2020-12-07 05:45:42
2020-12-07 05:50:41
2020-12-07 05:55:52
2020-12-07 06:00:48
2020-12-07 06:05:51
2020-12-07 06:10:57
2020-12-07 06:15:51
2020-12-07 06:20:41
2020-12-07 06:25:53
2020-12-07 06:30:50
2020-12-07 06:35:51
2020-12-07 06:41:01
2020-12-07 06:45:42
2020-12-07 06:50:43
2020-12-07 06:55:44
2020-12-07 07:00:43
2020-12-07 07:06:03
2020-12-07 07:10:53
2020-12-07 07:15:54
2020-12-07 07:21:03
2020-12-07 07:26:04
2020-12-07 07:30:54
2020-12-07 07:35:54
2020-12-07 07:40:54
2020-12-07 07:45:45
2020-12-07 07:50:54
2020-12-07 07:55:45
2020-12-07 08:00:46
2020-12-07 08:05:46
2020-12-07 08:11:07
2020-12-07 08:16:08
2020-12-07 08:20:58
2020-12-07 08:26:09
2020-12-07 08:30:58
2020-12-07 08:36:11
2020-12-07 08:40:50
2020-12-07 08:46:03
2020-12-07 08:51:03
2020-12-07 08:56:12
